x^UQ=KA51j~D"M°Òζ±°P‚D-<Ό"•,{Ή‹{z·»μ‡’BΠBTΞΙOρ‡ΏCπθή§Ψ}ovήπfφ®2κ•&€y}•ΖTq/²Y6DX<ΜοnJµNI¬π7ορ7 ªΆ&ΎpESR%B!Μ)Κ#‘mάΎW Ϊά1n0€Y—+Ψ4,hI•‰°FZCπj|L4AΏbj¬5I8qªύά†£K¦Iθq›Ι!‘IίΉFX
rz )*ε»6,τΞn΅BαΝkέL0¥•1ϊε‡…J]‡#3ty¶ΜZ®ª<ΨΕη§Gμα†?	¥=‚ΰδΛEqψC¨Ρ47$Λ¨Δ'ώμυ7>;£ύ1ΞηύΘ/Γ\AH±J‚¬ώ³fΦ`+¬™Ϋb«lµX›­»®ΗΝsσvτΡy;ΚΑkgΤώνZ'γ$Χ±Ò‰ΰΣ[ήφ·6τΎ+wΉ